// Jest Snapshot v1, https://goo.gl/fbAQLP

exports[`App Component matches the snapshot 1`] = `
<div
  class="trips-user-container d-flex"
  data-testid="app"
>
  <div
    class="user-panel d-none"
  >
    <div
      class="user-info"
    >
      <img
        alt="Test Expected Name"
        class="thumnail bm-10"
        data-testid="user-thumnail"
        src="https://cdn.pixabay.com/photo/2015/10/05/22/37/blank-profile-picture-973460_960_720.png"
      />
      <div>
        <p
          class="bm-10 bold-text"
          data-testid="username"
        >
          Test Expected Name
        </p>
        <p
          class="bm-10 light-text"
          data-testid="user-email"
        >
          test@mail.com
        </p>
      </div>
    </div>
    <div>
      <div>
        <button
          class="btn-user-panel"
          data-testid="fav-btn"
          type="button"
        >
          Show favorites
        </button>
        <button
          class="btn-user-panel"
          type="button"
        >
          Update Account
        </button>
        <button
          class="btn-user-panel"
          type="button"
        >
          Create New Trip
        </button>
      </div>
      <div
        class="user-bottom-section"
      >
        <div
          class="user-line"
        />
        <button
          class="btn-user-panel"
          data-testid="logout"
          type="button"
        >
          Logout
        </button>
      </div>
    </div>
  </div>
  <div>
    <div
      class="nav-bar d-flex space-between"
    >
      <svg
        aria-hidden="true"
        class="svg-inline--fa fa-bars fa-w-14 "
        data-icon="bars"
        data-prefix="fas"
        focusable="false"
        role="img"
        viewBox="0 0 448 512"
        xmlns="http://www.w3.org/2000/svg"
      >
        <path
          d="M16 132h416c8.837 0 16-7.163 16-16V76c0-8.837-7.163-16-16-16H16C7.163 60 0 67.163 0 76v40c0 8.837 7.163 16 16 16zm0 160h416c8.837 0 16-7.163 16-16v-40c0-8.837-7.163-16-16-16H16c-8.837 0-16 7.163-16 16v40c0 8.837 7.163 16 16 16zm0 160h416c8.837 0 16-7.163 16-16v-40c0-8.837-7.163-16-16-16H16c-8.837 0-16 7.163-16 16v40c0 8.837 7.163 16 16 16z"
          fill="currentColor"
        />
      </svg>
      <h1>
        Easy Trips
      </h1>
      <svg
        aria-hidden="true"
        class="svg-inline--fa fa-home fa-w-18 "
        data-icon="home"
        data-prefix="fas"
        focusable="false"
        role="img"
        viewBox="0 0 576 512"
        xmlns="http://www.w3.org/2000/svg"
      >
        <path
          d="M280.37 148.26L96 300.11V464a16 16 0 0 0 16 16l112.06-.29a16 16 0 0 0 15.92-16V368a16 16 0 0 1 16-16h64a16 16 0 0 1 16 16v95.64a16 16 0 0 0 16 16.05L464 480a16 16 0 0 0 16-16V300L295.67 148.26a12.19 12.19 0 0 0-15.3 0zM571.6 251.47L488 182.56V44.05a12 12 0 0 0-12-12h-56a12 12 0 0 0-12 12v72.61L318.47 43a48 48 0 0 0-61 0L4.34 251.47a12 12 0 0 0-1.6 16.9l25.5 31A12 12 0 0 0 45.15 301l235.22-193.74a12.19 12.19 0 0 1 15.3 0L530.9 301a12 12 0 0 0 16.9-1.6l25.5-31a12 12 0 0 0-1.7-16.93z"
          fill="currentColor"
        />
      </svg>
    </div>
  </div>
</div>
`;
