// Jest Snapshot v1, https://goo.gl/fbAQLP

exports[`CreateAccount Component matches the snapshot 1`] = `
<h1
  class="session-title"
  data-testid="Sign-up-title"
>
  Sign up
</h1>
`;
