// Jest Snapshot v1, https://goo.gl/fbAQLP

exports[`No Session component Render component wothout errors 1`] = `
Object {
  "asFragment": [Function],
  "baseElement": <body>
    <div>
      <div
        class="bg-no-session d-flex justify-center align-center no-session-container"
      >
        <div
          class="session-options d-flex space-between align-center flex-column"
        >
          <h1
            class="session-title"
          >
            Not logged in
          </h1>
          <p>
            Please
          </p>
          <button
            class="session-btn white"
            type="button"
          >
            Login
          </button>
          <p>
            or
          </p>
          <button
            class="session-btn white"
            type="button"
          >
            Sign Up
          </button>
        </div>
      </div>
    </div>
  </body>,
  "container": <div>
    <div
      class="bg-no-session d-flex justify-center align-center no-session-container"
    >
      <div
        class="session-options d-flex space-between align-center flex-column"
      >
        <h1
          class="session-title"
        >
          Not logged in
        </h1>
        <p>
          Please
        </p>
        <button
          class="session-btn white"
          type="button"
        >
          Login
        </button>
        <p>
          or
        </p>
        <button
          class="session-btn white"
          type="button"
        >
          Sign Up
        </button>
      </div>
    </div>
  </div>,
  "debug": [Function],
  "findAllByAltText": [Function],
  "findAllByDisplayValue": [Function],
  "findAllByLabelText": [Function],
  "findAllByPlaceholderText": [Function],
  "findAllByRole": [Function],
  "findAllByTestId": [Function],
  "findAllByText": [Function],
  "findAllByTitle": [Function],
  "findByAltText": [Function],
  "findByDisplayValue": [Function],
  "findByLabelText": [Function],
  "findByPlaceholderText": [Function],
  "findByRole": [Function],
  "findByTestId": [Function],
  "findByText": [Function],
  "findByTitle": [Function],
  "getAllByAltText": [Function],
  "getAllByDisplayValue": [Function],
  "getAllByLabelText": [Function],
  "getAllByPlaceholderText": [Function],
  "getAllByRole": [Function],
  "getAllByTestId": [Function],
  "getAllByText": [Function],
  "getAllByTitle": [Function],
  "getByAltText": [Function],
  "getByDisplayValue": [Function],
  "getByLabelText": [Function],
  "getByPlaceholderText": [Function],
  "getByRole": [Function],
  "getByTestId": [Function],
  "getByText": [Function],
  "getByTitle": [Function],
  "queryAllByAltText": [Function],
  "queryAllByDisplayValue": [Function],
  "queryAllByLabelText": [Function],
  "queryAllByPlaceholderText": [Function],
  "queryAllByRole": [Function],
  "queryAllByTestId": [Function],
  "queryAllByText": [Function],
  "queryAllByTitle": [Function],
  "queryByAltText": [Function],
  "queryByDisplayValue": [Function],
  "queryByLabelText": [Function],
  "queryByPlaceholderText": [Function],
  "queryByRole": [Function],
  "queryByTestId": [Function],
  "queryByText": [Function],
  "queryByTitle": [Function],
  "rerender": [Function],
  "unmount": [Function],
}
`;
